MPLINK 5.08, LINKER
Linker Map File - Created Sun Aug 26 20:20:54 2018

                                 Section Info
                  Section       Type    Address   Location Size(Bytes)
                ---------  ---------  ---------  ---------  ---------
                   .org_0       code   0x000000    program   0x00004a
                   .cinit    romdata   0x000025    program   0x000004
.config_2007_BUILD/DEFAULT/PRODUCTION/MAIN.O       code   0x002007    program   0x000002
.config_2008_BUILD/DEFAULT/PRODUCTION/MAIN.O       code   0x002008    program   0x000002



                              Program Memory Usage 
                               Start         End      
                           ---------   ---------      
                            0x000000    0x000026      
                            0x002007    0x002008      
            41 out of 8455 program addresses used, program memory utilization is 0%



                              Symbols - Sorted by Name
                     Name    Address   Location    Storage File                     
                ---------  ---------  ---------  --------- ---------                
              LEDoffcycle   0x000021    program     static K:\apps\temporary github projects\Introduction to Microprocessors\Intro.X\main.asm
               LEDoncycle   0x000017    program     static K:\apps\temporary github projects\Introduction to Microprocessors\Intro.X\main.asm
            Mainloopstart   0x00000f    program     static K:\apps\temporary github projects\Introduction to Microprocessors\Intro.X\main.asm
                    START   0x000000    program     static K:\apps\temporary github projects\Introduction to Microprocessors\Intro.X\main.asm
             _.org_0_0024   0x000024    program     static K:\apps\temporary github projects\Introduction to Microprocessors\Intro.X\main.asm



                              Symbols - Sorted by Address
                     Name    Address   Location    Storage File                     
                ---------  ---------  ---------  --------- ---------                
                    START   0x000000    program     static K:\apps\temporary github projects\Introduction to Microprocessors\Intro.X\main.asm
            Mainloopstart   0x00000f    program     static K:\apps\temporary github projects\Introduction to Microprocessors\Intro.X\main.asm
               LEDoncycle   0x000017    program     static K:\apps\temporary github projects\Introduction to Microprocessors\Intro.X\main.asm
              LEDoffcycle   0x000021    program     static K:\apps\temporary github projects\Introduction to Microprocessors\Intro.X\main.asm
             _.org_0_0024   0x000024    program     static K:\apps\temporary github projects\Introduction to Microprocessors\Intro.X\main.asm


