MPLINK 5.08, LINKER
Linker Map File - Created Sun Aug 26 21:11:30 2018

                                 Section Info
                  Section       Type    Address   Location Size(Bytes)
                ---------  ---------  ---------  ---------  ---------
                   .org_0       code   0x000000    program   0x000002
                   .cinit    romdata   0x000001    program   0x000004
                   .org_1       code   0x000004    program   0x000178
.config_2007_BUILD/DEFAULT/PRODUCTION/MAIN.O       code   0x002007    program   0x000002
.config_2008_BUILD/DEFAULT/PRODUCTION/MAIN.O       code   0x002008    program   0x000002



                              Program Memory Usage 
                               Start         End      
                           ---------   ---------      
                            0x000000    0x000002      
                            0x000004    0x0000bf      
                            0x002007    0x002008      
            193 out of 8455 program addresses used, program memory utilization is 2%



                              Symbols - Sorted by Name
                     Name    Address   Location    Storage File                     
                ---------  ---------  ---------  --------- ---------                
                 Elsepart   0x000096    program     static K:\apps\temporary github projects\Introduction to Microprocessors\Intro.X\main.asm
                Endifpart   0x000099    program     static K:\apps\temporary github projects\Introduction to Microprocessors\Intro.X\main.asm
                 ISRdelay   0x00001d    program     static K:\apps\temporary github projects\Introduction to Microprocessors\Intro.X\main.asm
                 Loop7seg   0x00008e    program     static K:\apps\temporary github projects\Introduction to Microprocessors\Intro.X\main.asm
               Nooverflow   0x0000b3    program     static K:\apps\temporary github projects\Introduction to Microprocessors\Intro.X\main.asm
                 Overflow   0x0000af    program     static K:\apps\temporary github projects\Introduction to Microprocessors\Intro.X\main.asm
            PORTBINTERUPT   0x000019    program     static K:\apps\temporary github projects\Introduction to Microprocessors\Intro.X\main.asm
             TMR0INTERUPT   0x00000d    program     static K:\apps\temporary github projects\Introduction to Microprocessors\Intro.X\main.asm
            elseunderflow   0x0000a0    program     static K:\apps\temporary github projects\Introduction to Microprocessors\Intro.X\main.asm
                   endISR   0x000031    program     static K:\apps\temporary github projects\Introduction to Microprocessors\Intro.X\main.asm
             endunderflow   0x0000a8    program     static K:\apps\temporary github projects\Introduction to Microprocessors\Intro.X\main.asm
                intTO7seg   0x00007c    program     static K:\apps\temporary github projects\Introduction to Microprocessors\Intro.X\main.asm
                     loop   0x000037    program     static K:\apps\temporary github projects\Introduction to Microprocessors\Intro.X\main.asm
                   mSETUP   0x000038    program     static K:\apps\temporary github projects\Introduction to Microprocessors\Intro.X\main.asm
                     main   0x000036    program     static K:\apps\temporary github projects\Introduction to Microprocessors\Intro.X\main.asm



                              Symbols - Sorted by Address
                     Name    Address   Location    Storage File                     
                ---------  ---------  ---------  --------- ---------                
             TMR0INTERUPT   0x00000d    program     static K:\apps\temporary github projects\Introduction to Microprocessors\Intro.X\main.asm
            PORTBINTERUPT   0x000019    program     static K:\apps\temporary github projects\Introduction to Microprocessors\Intro.X\main.asm
                 ISRdelay   0x00001d    program     static K:\apps\temporary github projects\Introduction to Microprocessors\Intro.X\main.asm
                   endISR   0x000031    program     static K:\apps\temporary github projects\Introduction to Microprocessors\Intro.X\main.asm
                     main   0x000036    program     static K:\apps\temporary github projects\Introduction to Microprocessors\Intro.X\main.asm
                     loop   0x000037    program     static K:\apps\temporary github projects\Introduction to Microprocessors\Intro.X\main.asm
                   mSETUP   0x000038    program     static K:\apps\temporary github projects\Introduction to Microprocessors\Intro.X\main.asm
                intTO7seg   0x00007c    program     static K:\apps\temporary github projects\Introduction to Microprocessors\Intro.X\main.asm
                 Loop7seg   0x00008e    program     static K:\apps\temporary github projects\Introduction to Microprocessors\Intro.X\main.asm
                 Elsepart   0x000096    program     static K:\apps\temporary github projects\Introduction to Microprocessors\Intro.X\main.asm
                Endifpart   0x000099    program     static K:\apps\temporary github projects\Introduction to Microprocessors\Intro.X\main.asm
            elseunderflow   0x0000a0    program     static K:\apps\temporary github projects\Introduction to Microprocessors\Intro.X\main.asm
             endunderflow   0x0000a8    program     static K:\apps\temporary github projects\Introduction to Microprocessors\Intro.X\main.asm
                 Overflow   0x0000af    program     static K:\apps\temporary github projects\Introduction to Microprocessors\Intro.X\main.asm
               Nooverflow   0x0000b3    program     static K:\apps\temporary github projects\Introduction to Microprocessors\Intro.X\main.asm


