MPLINK 5.08, LINKER
Linker Map File - Created Sun Aug 26 20:44:10 2018

                                 Section Info
                  Section       Type    Address   Location Size(Bytes)
                ---------  ---------  ---------  ---------  ---------
                   .org_0       code   0x000000    program   0x000032
                   .cinit    romdata   0x000019    program   0x000004
.config_2007_BUILD/DEFAULT/PRODUCTION/MAIN.O       code   0x002007    program   0x000002
.config_2008_BUILD/DEFAULT/PRODUCTION/MAIN.O       code   0x002008    program   0x000002



                              Program Memory Usage 
                               Start         End      
                           ---------   ---------      
                            0x000000    0x00001a      
                            0x002007    0x002008      
            29 out of 8455 program addresses used, program memory utilization is 0%



                              Symbols - Sorted by Name
                     Name    Address   Location    Storage File                     
                ---------  ---------  ---------  --------- ---------                
                    START   0x000000    program     static K:\apps\temporary github projects\Introduction to Microprocessors\Intro.X\main.asm
              StartLEDinc   0x000012    program     static K:\apps\temporary github projects\Introduction to Microprocessors\Intro.X\main.asm



                              Symbols - Sorted by Address
                     Name    Address   Location    Storage File                     
                ---------  ---------  ---------  --------- ---------                
                    START   0x000000    program     static K:\apps\temporary github projects\Introduction to Microprocessors\Intro.X\main.asm
              StartLEDinc   0x000012    program     static K:\apps\temporary github projects\Introduction to Microprocessors\Intro.X\main.asm


